0.005806934807635715 -0.016556444720678153 1 2
0.010025601838031018 -0.020988202988542273 1 3
0.013332591183346312 -0.01619339562692305 2 3